execve: No such file or directory
about to clone with 28020000
